2018-11-12 18:13:45,918:DEBUG:Add 14 + 34=48
2018-11-12 18:13:45,918:DEBUG:sum 14 - 34=-20
2018-11-12 18:14:45,219:DEBUG:Add 14 + 34=48
2018-11-12 18:14:45,219:DEBUG:sum 14 - 34=-20
